exports[`ItemsReducer undefined action should return the default state 1`] = `
Object {
  "entities": Object {},
  "ids": Array []
}
`;

exports[`BooksReducer LOAD should add a single book, if the book does not exist 1`] = `
Object {
  "entities": Object {
    "1": Object {
      "id": "1",
      "volumeInfo": Object {
        "authors": Array [
          "author",
        ],
        "averageRating": 3,
        "description": "description",
        "imageLinks": Object {
          "smallThumbnail": "string",
          "thumbnail": "string",
        },
        "publishDate": "",
        "publisher": "publisher",
        "ratingsCount": 5,
        "subtitle": "subtitle",
        "title": "title",
      },
    },
  },
  "ids": Array [
    "1",
  ],
  "selectedBookId": null,
}
`;
